// Jest Snapshot v1, https://goo.gl/fbAQLP

exports[`should render 1`] = `
<View
  style={
    Array [
      Object {
        "alignItems": "center",
        "backgroundColor": "dodgerblue",
        "elevation": 10,
        "flex": 1,
        "flexDirection": "column-reverse",
        "shadowColor": "black",
        "shadowOpacity": 100,
        "shadowRadius": 10,
      },
    ]
  }
>
  <TextInput
    onChangeText={undefined}
    onSubmitEditing={[Function]}
    placeholder="Where are you going?"
    placeholderTextColor="lightgray"
    returnKeyType="go"
    style={
      Object {
        "backgroundColor": "deepskyblue",
        "borderRadius": 10,
        "color": "white",
        "flex": 1,
        "fontSize": 15,
        "margin": 20,
        "maxHeight": 25,
        "padding": 5,
        "paddingLeft": 10,
        "width": "75%",
      }
    }
    underlineColorAndroid="transparent"
    value={undefined}
  />
</View>
`;
