// Jest Snapshot v1, https://goo.gl/fbAQLP

exports[`renders a ScrollView of location cards 1`] = `null`;
